// Jest Snapshot v1, https://goo.gl/fbAQLP

exports[`MyCloset component should match the snapshot 1`] = `
<div>
  
  <div
    class="body"
  >
    <h1
      class="title is-0 mt-5 ml-5 mb-0"
    >
      MyCloset
    </h1>
    <div
      class="categories tabs"
    >
      <ul>
        <li
          class="is-active"
        >
           
          <a>
            All
          </a>
           
        </li>
      </ul>
    </div>
    <div
      class="dashboardItems tile is-ancestor"
    >
      <div
        class="tile is-3 is-vertical pt-2"
      />
      <div
        class="tile is-3 is-vertical"
      />
      <div
        class="tile is-3 is-vertical pt-3"
      />
      <div
        class="tile is-3 is-vertical"
      />
    </div>
  </div>
</div>
`;
